// Vitest Snapshot v1, https://vitest.dev/guide/snapshot.html

exports[`Pagination.vue > matches snapshot 1`] = `"<div class="flex items-center justify-between p-4 max-w-md mx-auto mt-auto space-x-4"><button class="px-4 py-2 rounded-lg bg-blue-500 text-white w-24 text-center"> Previous </button><span class="text-lg">Page 2</span><button class="px-4 py-2 rounded-lg bg-blue-500 text-white w-24 text-center"> Next </button></div>"`;
